// Jest Snapshot v1, https://goo.gl/fbAQLP

exports[`Pruebas en gif grid item Debe mostrar el componente correctamente 1`] = `
<div
  className="card animate__animated animate__fadeIn"
>
  <img
    alt="test prueba gif grid item"
    src="https://localchost:4200"
  />
  <p>
    test prueba gif grid item
  </p>
</div>
`;
